Traceback (most recent call last):
  File "C:\Users\sashk\AppData\Local\Programs\Python\Python313\Lib\site-packages\jupyter_cache\executors\utils.py", line 58, in single_nb_execution
    executenb(
    ~~~~~~~~~^
        nb,
        ^^^
    ...<4 lines>...
        **kwargs,
        ^^^^^^^^^
    )
    ^
  File "C:\Users\sashk\AppData\Local\Programs\Python\Python313\Lib\site-packages\nbclient\client.py", line 1319, in execute
    return NotebookClient(nb=nb, resources=resources, km=km, **kwargs).execute()
           ~~~~~~~~~~~~~~~~~~~~~~~~~~~~~~~~~~~~~~~~~~~~~~~~~~~~~~~~~~~~~~~~~~~^^
  File "C:\Users\sashk\AppData\Local\Programs\Python\Python313\Lib\site-packages\jupyter_core\utils\__init__.py", line 165, in wrapped
    return loop.run_until_complete(inner)
           ~~~~~~~~~~~~~~~~~~~~~~~^^^^^^^
  File "C:\Users\sashk\AppData\Local\Programs\Python\Python313\Lib\asyncio\base_events.py", line 725, in run_until_complete
    return future.result()
           ~~~~~~~~~~~~~^^
  File "C:\Users\sashk\AppData\Local\Programs\Python\Python313\Lib\site-packages\nbclient\client.py", line 709, in async_execute
    await self.async_execute_cell(
        cell, index, execution_count=self.code_cells_executed + 1
    )
  File "C:\Users\sashk\AppData\Local\Programs\Python\Python313\Lib\site-packages\nbclient\client.py", line 1062, in async_execute_cell
    await self._check_raise_for_error(cell, cell_index, exec_reply)
  File "C:\Users\sashk\AppData\Local\Programs\Python\Python313\Lib\site-packages\nbclient\client.py", line 918, in _check_raise_for_error
    raise CellExecutionError.from_cell_and_msg(cell, exec_reply_content)
nbclient.exceptions.CellExecutionError: An error occurred while executing the following cell:
------------------
import torch
import torch.nn.functional as F
from torch_geometric.datasets import Planetoid
from torch_geometric.nn import GCNConv
import matplotlib.pyplot as plt

# Load dataset
dataset = Planetoid(root='data/Planetoid', name='Cora')
data = dataset[0]

# Define the GCN model
class GCN(torch.nn.Module):
    def __init__(self, in_channels, hidden_channels, out_channels):
        super().__init__()
        self.conv1 = GCNConv(in_channels, hidden_channels)
        self.conv2 = GCNConv(hidden_channels, out_channels)

    def forward(self, x, edge_index):
        x = F.relu(self.conv1(x, edge_index))
        x = self.conv2(x, edge_index)
        return x

# Instantiate model, optimizer
device = torch.device('cuda' if torch.cuda.is_available() else 'cpu')
model = GCN(dataset.num_node_features, 64, dataset.num_classes).to(device)
data = data.to(device)

optimizer = torch.optim.Adam(model.parameters(), lr=0.01, weight_decay=5e-4)

# Training function
def train():
    model.train()
    optimizer.zero_grad()
    out = model(data.x, data.edge_index)
    loss = F.cross_entropy(out[data.train_mask], data.y[data.train_mask])
    loss.backward()
    optimizer.step()
    return loss.item()

# Evaluation function
def test():
    model.eval()
    out = model(data.x, data.edge_index)
    pred = out.argmax(dim=1)

    accs = []
    for mask in [data.train_mask, data.val_mask, data.test_mask]:
        correct = pred[mask].eq(data.y[mask]).sum().item()
        acc = correct / mask.sum().item()
        accs.append(acc)
    return accs  # [train_acc, val_acc, test_acc]

# === Training Loop ===
train_losses = []
val_accuracies = []
best_val_acc = 0
best_test_acc = 0

for epoch in range(1, 201):
    loss = train()
    train_acc, val_acc, test_acc = test()
    train_losses.append(loss)
    val_accuracies.append(val_acc)

    if val_acc > best_val_acc:
        best_val_acc = val_acc
        best_test_acc = test_acc  # Save test acc at best val

    if epoch % 20 == 0 or epoch == 1:
        print(f"Epoch {epoch:03d}, Loss: {loss:.4f}, "
              f"Train Acc: {train_acc:.4f}, Val Acc: {val_acc:.4f}, Test Acc: {test_acc:.4f}")

# Final Results
print("\n✅ Best Validation Accuracy: {:.4f}".format(best_val_acc))
print("🧪 Test Accuracy at Best Validation: {:.4f}".format(best_test_acc))

# Plot training loss
plt.figure(figsize=(6, 4))
plt.plot(train_losses)
plt.xlabel('Epoch')
plt.ylabel('Training Loss')
plt.title('Training Loss over Epochs')
plt.grid(True)
plt.tight_layout()
plt.show()

------------------


[1;31m---------------------------------------------------------------------------[0m
[1;31mModuleNotFoundError[0m                       Traceback (most recent call last)
Cell [1;32mIn[1], line 3[0m
[0;32m      1[0m [38;5;28;01mimport[39;00m [38;5;21;01mtorch[39;00m
[0;32m      2[0m [38;5;28;01mimport[39;00m [38;5;21;01mtorch[39;00m[38;5;21;01m.[39;00m[38;5;21;01mnn[39;00m[38;5;21;01m.[39;00m[38;5;21;01mfunctional[39;00m [38;5;28;01mas[39;00m [38;5;21;01mF[39;00m
[1;32m----> 3[0m [38;5;28;01mfrom[39;00m [38;5;21;01mtorch_geometric[39;00m[38;5;21;01m.[39;00m[38;5;21;01mdatasets[39;00m [38;5;28;01mimport[39;00m Planetoid
[0;32m      4[0m [38;5;28;01mfrom[39;00m [38;5;21;01mtorch_geometric[39;00m[38;5;21;01m.[39;00m[38;5;21;01mnn[39;00m [38;5;28;01mimport[39;00m GCNConv
[0;32m      5[0m [38;5;28;01mimport[39;00m [38;5;21;01mmatplotlib[39;00m[38;5;21;01m.[39;00m[38;5;21;01mpyplot[39;00m [38;5;28;01mas[39;00m [38;5;21;01mplt[39;00m

[1;31mModuleNotFoundError[0m: No module named 'torch_geometric'

