Traceback (most recent call last):
  File "C:\Users\sashk\AppData\Local\Programs\Python\Python313\Lib\site-packages\jupyter_cache\executors\utils.py", line 58, in single_nb_execution
    executenb(
    ~~~~~~~~~^
        nb,
        ^^^
    ...<4 lines>...
        **kwargs,
        ^^^^^^^^^
    )
    ^
  File "C:\Users\sashk\AppData\Local\Programs\Python\Python313\Lib\site-packages\nbclient\client.py", line 1319, in execute
    return NotebookClient(nb=nb, resources=resources, km=km, **kwargs).execute()
           ~~~~~~~~~~~~~~~~~~~~~~~~~~~~~~~~~~~~~~~~~~~~~~~~~~~~~~~~~~~~~~~~~~~^^
  File "C:\Users\sashk\AppData\Local\Programs\Python\Python313\Lib\site-packages\jupyter_core\utils\__init__.py", line 165, in wrapped
    return loop.run_until_complete(inner)
           ~~~~~~~~~~~~~~~~~~~~~~~^^^^^^^
  File "C:\Users\sashk\AppData\Local\Programs\Python\Python313\Lib\asyncio\base_events.py", line 725, in run_until_complete
    return future.result()
           ~~~~~~~~~~~~~^^
  File "C:\Users\sashk\AppData\Local\Programs\Python\Python313\Lib\site-packages\nbclient\client.py", line 709, in async_execute
    await self.async_execute_cell(
        cell, index, execution_count=self.code_cells_executed + 1
    )
  File "C:\Users\sashk\AppData\Local\Programs\Python\Python313\Lib\site-packages\nbclient\client.py", line 1062, in async_execute_cell
    await self._check_raise_for_error(cell, cell_index, exec_reply)
  File "C:\Users\sashk\AppData\Local\Programs\Python\Python313\Lib\site-packages\nbclient\client.py", line 918, in _check_raise_for_error
    raise CellExecutionError.from_cell_and_msg(cell, exec_reply_content)
nbclient.exceptions.CellExecutionError: An error occurred while executing the following cell:
------------------

import torch
import torch.nn as nn
import torch.nn.functional as F
from torch_geometric.nn import GCNConv, global_mean_pool, global_max_pool, global_add_pool
from torch_geometric.data import Data, DataLoader
import torch_geometric.transforms as T
import numpy as np
from sklearn.metrics import mean_squared_error, mean_absolute_error, r2_score
import matplotlib.pyplot as plt

class GCNRegressor(nn.Module):
    """
    Graph Convolutional Network for regression tasks.
    
    Args:
        input_dim: Dimension of input node features
        hidden_dim: Dimension of hidden layers
        output_dim: Dimension of output (1 for single property prediction)
        num_layers: Number of GCN layers
        dropout: Dropout probability
        pool_type: Type of graph pooling ('mean', 'max', 'add', 'attention')
    """
    
    def __init__(self, input_dim, hidden_dim=64, output_dim=1, num_layers=3, 
                 dropout=0.2, pool_type='mean'):
        super(GCNRegressor, self).__init__()
        
        self.num_layers = num_layers
        self.dropout = dropout
        self.pool_type = pool_type
        
        # GCN layers
        self.convs = nn.ModuleList()
        self.convs.append(GCNConv(input_dim, hidden_dim))
        
        for _ in range(num_layers - 1):
            self.convs.append(GCNConv(hidden_dim, hidden_dim))
        
        # Batch normalization layers
        self.batch_norms = nn.ModuleList()
        for _ in range(num_layers):
            self.batch_norms.append(nn.BatchNorm1d(hidden_dim))
        
        # Attention pooling (if selected)
        if pool_type == 'attention':
            self.attention = nn.Linear(hidden_dim, 1)
        
        # Output layers
        self.fc1 = nn.Linear(hidden_dim, hidden_dim // 2)
        self.fc2 = nn.Linear(hidden_dim // 2, hidden_dim // 4)
        self.fc3 = nn.Linear(hidden_dim // 4, output_dim)
        
        self.dropout_layer = nn.Dropout(dropout)
        
    def forward(self, x, edge_index, batch):
        """
        Forward pass of the GCN.
        
        Args:
            x: Node features [num_nodes, input_dim]
            edge_index: Edge indices [2, num_edges]
            batch: Batch assignment [num_nodes]
        
        Returns:
            predictions: Graph-level predictions [batch_size, output_dim]
        """
        
        # Apply GCN layers
        for i, conv in enumerate(self.convs):
            x = conv(x, edge_index)
            x = self.batch_norms[i](x)
            x = F.relu(x)
            x = self.dropout_layer(x)
        
        # Graph-level pooling
        if self.pool_type == 'mean':
            x = global_mean_pool(x, batch)
        elif self.pool_type == 'max':
            x = global_max_pool(x, batch)
        elif self.pool_type == 'add':
            x = global_add_pool(x, batch)
        elif self.pool_type == 'attention':
            # Attention-based pooling
            att_weights = torch.softmax(self.attention(x), dim=0)
            x = global_add_pool(x * att_weights, batch)
        
        # Apply output layers
        x = F.relu(self.fc1(x))
        x = self.dropout_layer(x)
        x = F.relu(self.fc2(x))
        x = self.dropout_layer(x)
        x = self.fc3(x)
        
        return x

class MolecularDataset:
    """
    Dataset class for molecular data.
    """
    
    def __init__(self, node_features, edge_indices, targets, edge_features=None):
        self.data_list = []
        
        for i in range(len(targets)):
            data = Data(
                x=torch.tensor(node_features[i], dtype=torch.float),
                edge_index=torch.tensor(edge_indices[i], dtype=torch.long).t().contiguous(),
                y=torch.tensor([targets[i]], dtype=torch.float)
            )
            
            if edge_features is not None:
                data.edge_attr = torch.tensor(edge_features[i], dtype=torch.float)
            
            self.data_list.append(data)
    
    def __len__(self):
        return len(self.data_list)
    
    def __getitem__(self, idx):
        return self.data_list[idx]

def generate_synthetic_molecular_data(num_molecules=1000, num_atoms_range=(5, 20), 
                                    num_features=32):
    """
    Generate synthetic molecular data for demonstration.
    """
    node_features = []
    edge_indices = []
    targets = []
    
    for _ in range(num_molecules):
        # Random number of atoms
        num_atoms = np.random.randint(*num_atoms_range)
        
        # Random node features (representing atom properties)
        node_feat = np.random.randn(num_atoms, num_features)
        
        # Generate random molecular graph (connected)
        edges = []
        for i in range(num_atoms - 1):
            # Ensure connectivity
            edges.append([i, i + 1])
        
        # Add random additional edges
        num_additional_edges = np.random.randint(0, num_atoms // 2)
        for _ in range(num_additional_edges):
            i, j = np.random.choice(num_atoms, 2, replace=False)
            if [i, j] not in edges and [j, i] not in edges:
                edges.append([i, j])
        
        edge_index = np.array(edges)
        if len(edge_index) > 0:
            # Make undirected
            edge_index = np.vstack([edge_index, edge_index[:, [1, 0]]])
        
        # Generate synthetic target (e.g., molecular property)
        # Make it depend on molecular features for realistic behavior
        target = np.sum(node_feat) * 0.1 + np.random.randn() * 0.5
        
        node_features.append(node_feat)
        edge_indices.append(edge_index)
        targets.append(target)
    
    return node_features, edge_indices, targets

def train_model(model, train_loader, val_loader, num_epochs=100, learning_rate=0.001):
    """
    Training loop for the GCN model.
    """
    device = torch.device('cuda' if torch.cuda.is_available() else 'cpu')
    model.to(device)
    
    optimizer = torch.optim.Adam(model.parameters(), lr=learning_rate, weight_decay=1e-5)
    scheduler = torch.optim.lr_scheduler.ReduceLROnPlateau(optimizer, mode='min', 
                                                          factor=0.5, patience=10, verbose=True)
    
    train_losses = []
    val_losses = []
    
    for epoch in range(num_epochs):
        # Training phase
        model.train()
        train_loss = 0
        for batch in train_loader:
            batch = batch.to(device)
            optimizer.zero_grad()
            
            out = model(batch.x, batch.edge_index, batch.batch)
            loss = F.mse_loss(out.squeeze(), batch.y)
            
            loss.backward()
            optimizer.step()
            train_loss += loss.item()
        
        # Validation phase
        model.eval()
        val_loss = 0
        with torch.no_grad():
            for batch in val_loader:
                batch = batch.to(device)
                out = model(batch.x, batch.edge_index, batch.batch)
                loss = F.mse_loss(out.squeeze(), batch.y)
                val_loss += loss.item()
        
        train_loss /= len(train_loader)
        val_loss /= len(val_loader)
        
        train_losses.append(train_loss)
        val_losses.append(val_loss)
        
        scheduler.step(val_loss)
        
        if epoch % 10 == 0:
            print(f'Epoch {epoch:03d}, Train Loss: {train_loss:.4f}, Val Loss: {val_loss:.4f}')
    
    return train_losses, val_losses

def evaluate_model(model, test_loader):
    """
    Evaluate the trained model.
    """
    device = torch.device('cuda' if torch.cuda.is_available() else 'cpu')
    model.eval()
    
    predictions = []
    true_values = []
    
    with torch.no_grad():
        for batch in test_loader:
            batch = batch.to(device)
            out = model(batch.x, batch.edge_index, batch.batch)
            predictions.extend(out.squeeze().cpu().numpy())
            true_values.extend(batch.y.cpu().numpy())
    
    predictions = np.array(predictions)
    true_values = np.array(true_values)
    
    # Calculate metrics
    mse = mean_squared_error(true_values, predictions)
    mae = mean_absolute_error(true_values, predictions)
    r2 = r2_score(true_values, predictions)
    
    print(f'Test Results:')
    print(f'MSE: {mse:.4f}')
    print(f'MAE: {mae:.4f}')
    print(f'R²: {r2:.4f}')
    
    return predictions, true_values, {'mse': mse, 'mae': mae, 'r2': r2}

def plot_results(predictions, true_values, train_losses, val_losses):
    """
    Plot training curves and prediction vs true values.
    """
    fig, (ax1, ax2) = plt.subplots(1, 2, figsize=(12, 5))
    
    # Training curves
    ax1.plot(train_losses, label='Training Loss', color='blue')
    ax1.plot(val_losses, label='Validation Loss', color='red')
    ax1.set_xlabel('Epoch')
    ax1.set_ylabel('Loss')
    ax1.set_title('Training and Validation Loss')
    ax1.legend()
    ax1.grid(True)
    
    # Predictions vs True Values
    ax2.scatter(true_values, predictions, alpha=0.6, color='green')
    ax2.plot([true_values.min(), true_values.max()], 
             [true_values.min(), true_values.max()], 'r--', lw=2)
    ax2.set_xlabel('True Values')
    ax2.set_ylabel('Predictions')
    ax2.set_title('Predictions vs True Values')
    ax2.grid(True)
    
    plt.tight_layout()
    plt.show()

def main():
    """
    Main function to run the GCN regression experiment.
    """
    # Generate synthetic data
    print("Generating synthetic molecular data...")
    node_features, edge_indices, targets = generate_synthetic_molecular_data(
        num_molecules=1000, num_atoms_range=(5, 20), num_features=32
    )
    
    # Create dataset
    dataset = MolecularDataset(node_features, edge_indices, targets)
    
    # Split data
    train_size = int(0.7 * len(dataset))
    val_size = int(0.15 * len(dataset))
    test_size = len(dataset) - train_size - val_size
    
    train_dataset = dataset[:train_size]
    val_dataset = dataset[train_size:train_size + val_size]
    test_dataset = dataset[train_size + val_size:]
    
    # Create data loaders
    train_loader = DataLoader(train_dataset, batch_size=32, shuffle=True)
    val_loader = DataLoader(val_dataset, batch_size=32, shuffle=False)
    test_loader = DataLoader(test_dataset, batch_size=32, shuffle=False)
    
    # Initialize model
    model = GCNRegressor(
        input_dim=32,
        hidden_dim=64,
        output_dim=1,
        num_layers=3,
        dropout=0.2,
        pool_type='mean'
    )
    
    print(f"Model architecture:")
    print(model)
    print(f"Number of parameters: {sum(p.numel() for p in model.parameters() if p.requires_grad)}")
    
    # Train model
    print("\nTraining model...")
    train_losses, val_losses = train_model(model, train_loader, val_loader, 
                                          num_epochs=100, learning_rate=0.001)
    
    # Evaluate model
    print("\nEvaluating model...")
    predictions, true_values, metrics = evaluate_model(model, test_loader)
    
    # Plot results
    plot_results(predictions, true_values, train_losses, val_losses)
    
    return model, metrics

if __name__ == "__main__":
    model, metrics = main()

------------------


[1;31m---------------------------------------------------------------------------[0m
[1;31mModuleNotFoundError[0m                       Traceback (most recent call last)
Cell [1;32mIn[1], line 4[0m
[0;32m      2[0m [38;5;28;01mimport[39;00m [38;5;21;01mtorch[39;00m[38;5;21;01m.[39;00m[38;5;21;01mnn[39;00m [38;5;28;01mas[39;00m [38;5;21;01mnn[39;00m
[0;32m      3[0m [38;5;28;01mimport[39;00m [38;5;21;01mtorch[39;00m[38;5;21;01m.[39;00m[38;5;21;01mnn[39;00m[38;5;21;01m.[39;00m[38;5;21;01mfunctional[39;00m [38;5;28;01mas[39;00m [38;5;21;01mF[39;00m
[1;32m----> 4[0m [38;5;28;01mfrom[39;00m [38;5;21;01mtorch_geometric[39;00m[38;5;21;01m.[39;00m[38;5;21;01mnn[39;00m [38;5;28;01mimport[39;00m GCNConv, global_mean_pool, global_max_pool, global_add_pool
[0;32m      5[0m [38;5;28;01mfrom[39;00m [38;5;21;01mtorch_geometric[39;00m[38;5;21;01m.[39;00m[38;5;21;01mdata[39;00m [38;5;28;01mimport[39;00m Data, DataLoader
[0;32m      6[0m [38;5;28;01mimport[39;00m [38;5;21;01mtorch_geometric[39;00m[38;5;21;01m.[39;00m[38;5;21;01mtransforms[39;00m [38;5;28;01mas[39;00m [38;5;21;01mT[39;00m

[1;31mModuleNotFoundError[0m: No module named 'torch_geometric'

