Traceback (most recent call last):
  File "C:\Users\sashk\AppData\Local\Programs\Python\Python313\Lib\site-packages\jupyter_cache\executors\utils.py", line 58, in single_nb_execution
    executenb(
    ~~~~~~~~~^
        nb,
        ^^^
    ...<4 lines>...
        **kwargs,
        ^^^^^^^^^
    )
    ^
  File "C:\Users\sashk\AppData\Local\Programs\Python\Python313\Lib\site-packages\nbclient\client.py", line 1319, in execute
    return NotebookClient(nb=nb, resources=resources, km=km, **kwargs).execute()
           ~~~~~~~~~~~~~~~~~~~~~~~~~~~~~~~~~~~~~~~~~~~~~~~~~~~~~~~~~~~~~~~~~~~^^
  File "C:\Users\sashk\AppData\Local\Programs\Python\Python313\Lib\site-packages\jupyter_core\utils\__init__.py", line 165, in wrapped
    return loop.run_until_complete(inner)
           ~~~~~~~~~~~~~~~~~~~~~~~^^^^^^^
  File "C:\Users\sashk\AppData\Local\Programs\Python\Python313\Lib\asyncio\base_events.py", line 725, in run_until_complete
    return future.result()
           ~~~~~~~~~~~~~^^
  File "C:\Users\sashk\AppData\Local\Programs\Python\Python313\Lib\site-packages\nbclient\client.py", line 709, in async_execute
    await self.async_execute_cell(
        cell, index, execution_count=self.code_cells_executed + 1
    )
  File "C:\Users\sashk\AppData\Local\Programs\Python\Python313\Lib\site-packages\nbclient\client.py", line 1062, in async_execute_cell
    await self._check_raise_for_error(cell, cell_index, exec_reply)
  File "C:\Users\sashk\AppData\Local\Programs\Python\Python313\Lib\site-packages\nbclient\client.py", line 918, in _check_raise_for_error
    raise CellExecutionError.from_cell_and_msg(cell, exec_reply_content)
nbclient.exceptions.CellExecutionError: An error occurred while executing the following cell:
------------------
#Instead of this old library, we use newer one
from gem.embedding.gf import GraphFactorization

G = nx.barbell_graph(m1=10, m2=4)
draw_graph(G)

gf = GraphFactorization(d=2,  data_set=None,max_iter=10000, eta=1*10**-4, regu=1.0)
gf.learn_embedding(G)
------------------


[1;31m---------------------------------------------------------------------------[0m
[1;31mNameError[0m                                 Traceback (most recent call last)
Cell [1;32mIn[4], line 4[0m
[0;32m      1[0m [38;5;66;03m#Instead of this old library, we use newer one[39;00m
[0;32m      2[0m [38;5;28;01mfrom[39;00m [38;5;21;01mgem[39;00m[38;5;21;01m.[39;00m[38;5;21;01membedding[39;00m[38;5;21;01m.[39;00m[38;5;21;01mgf[39;00m [38;5;28;01mimport[39;00m GraphFactorization
[1;32m----> 4[0m G [38;5;241m=[39m [43mnx[49m[38;5;241m.[39mbarbell_graph(m1[38;5;241m=[39m[38;5;241m10[39m, m2[38;5;241m=[39m[38;5;241m4[39m)
[0;32m      5[0m draw_graph(G)
[0;32m      7[0m gf [38;5;241m=[39m GraphFactorization(d[38;5;241m=[39m[38;5;241m2[39m,  data_set[38;5;241m=[39m[38;5;28;01mNone[39;00m,max_iter[38;5;241m=[39m[38;5;241m10000[39m, eta[38;5;241m=[39m[38;5;241m1[39m[38;5;241m*[39m[38;5;241m10[39m[38;5;241m*[39m[38;5;241m*[39m[38;5;241m-[39m[38;5;241m4[39m, regu[38;5;241m=[39m[38;5;241m1.0[39m)

[1;31mNameError[0m: name 'nx' is not defined

