Traceback (most recent call last):
  File "C:\Users\sashk\AppData\Local\Programs\Python\Python313\Lib\site-packages\jupyter_cache\executors\utils.py", line 58, in single_nb_execution
    executenb(
    ~~~~~~~~~^
        nb,
        ^^^
    ...<4 lines>...
        **kwargs,
        ^^^^^^^^^
    )
    ^
  File "C:\Users\sashk\AppData\Local\Programs\Python\Python313\Lib\site-packages\nbclient\client.py", line 1319, in execute
    return NotebookClient(nb=nb, resources=resources, km=km, **kwargs).execute()
           ~~~~~~~~~~~~~~~~~~~~~~~~~~~~~~~~~~~~~~~~~~~~~~~~~~~~~~~~~~~~~~~~~~~^^
  File "C:\Users\sashk\AppData\Local\Programs\Python\Python313\Lib\site-packages\jupyter_core\utils\__init__.py", line 165, in wrapped
    return loop.run_until_complete(inner)
           ~~~~~~~~~~~~~~~~~~~~~~~^^^^^^^
  File "C:\Users\sashk\AppData\Local\Programs\Python\Python313\Lib\asyncio\base_events.py", line 725, in run_until_complete
    return future.result()
           ~~~~~~~~~~~~~^^
  File "C:\Users\sashk\AppData\Local\Programs\Python\Python313\Lib\site-packages\nbclient\client.py", line 709, in async_execute
    await self.async_execute_cell(
        cell, index, execution_count=self.code_cells_executed + 1
    )
  File "C:\Users\sashk\AppData\Local\Programs\Python\Python313\Lib\site-packages\nbclient\client.py", line 1062, in async_execute_cell
    await self._check_raise_for_error(cell, cell_index, exec_reply)
  File "C:\Users\sashk\AppData\Local\Programs\Python\Python313\Lib\site-packages\nbclient\client.py", line 918, in _check_raise_for_error
    raise CellExecutionError.from_cell_and_msg(cell, exec_reply_content)
nbclient.exceptions.CellExecutionError: An error occurred while executing the following cell:
------------------
import torch
import torch.nn as nn
import torch.optim as optim
from torchvision import datasets, transforms 
#transforms: Converts images to PyTorch tensors.
from torch.utils.data import DataLoader
import matplotlib.pyplot as plt

# Define Autoencoder model
class Autoencoder(nn.Module):
    def __init__(self, input_dim=784, encoding_dim=32):
        # Input dimension = 784: 28×28 grayscale image flattened into a 1D vector. 
        #Encoding dimension = 32: Compresses the 784 input values into just 32 values (features).
        super(Autoencoder, self).__init__()
        self.encoder = nn.Sequential(        # Reduces dimensionality: 784 → 32 and Uses a linear layer followed by ReLU activation.
            nn.Linear(input_dim, encoding_dim),
            nn.ReLU()
        )
        self.decoder = nn.Sequential(        # Reconstructs input: 32 → 784 ,
                                             # Uses a linear layer followed by a sigmoid activation (to keep outputs in [0,1] range, 
                                             # matching the input pixel normalization).
            nn.Linear(encoding_dim, input_dim),
            nn.Sigmoid()
        )

    def forward(self, x):                   # Passes input through encoder, then decoder, and returns the reconstruction.
        z = self.encoder(x)
        out = self.decoder(z)
        return out

# Load dataset
transform = transforms.ToTensor()
train_data = datasets.MNIST(root='./data', train=True, download=True, transform=transform)
test_data = datasets.MNIST(root='./data', train=False, download=True, transform=transform)

train_loader = DataLoader(train_data, batch_size=256, shuffle=True) # shuffle=True for training to help generalization.
test_loader = DataLoader(test_data, batch_size=256, shuffle=False)

# Model, Loss, Optimizer
# model: Instantiates the autoencoder.
# criterion: Uses Mean Squared Error (MSE) as reconstruction loss (difference between input and output).
# optimizer: Uses Adam optimizer with learning rate 0.001.

model = Autoencoder()
criterion = nn.MSELoss()
optimizer = optim.Adam(model.parameters(), lr=1e-3)

# Training:
# For 20 epochs (training iterations):
# Load a batch of images (imgs).
# Flatten each 28×28 image into a vector of size 784.
# Pass images through the autoencoder.
# Compute reconstruction loss between imgs and outputs.
# Backpropagate and update model weights.

for epoch in range(20):
    for imgs, _ in train_loader:
        imgs = imgs.view(imgs.size(0), -1)
        outputs = model(imgs)
        loss = criterion(outputs, imgs)

        optimizer.zero_grad()
        loss.backward()
        optimizer.step()
    print(f"Epoch [{epoch+1}/20], Loss: {loss.item():.4f}")


------------------


[1;31m---------------------------------------------------------------------------[0m
[1;31mModuleNotFoundError[0m                       Traceback (most recent call last)
Cell [1;32mIn[2], line 4[0m
[0;32m      2[0m [38;5;28;01mimport[39;00m [38;5;21;01mtorch[39;00m[38;5;21;01m.[39;00m[38;5;21;01mnn[39;00m [38;5;28;01mas[39;00m [38;5;21;01mnn[39;00m
[0;32m      3[0m [38;5;28;01mimport[39;00m [38;5;21;01mtorch[39;00m[38;5;21;01m.[39;00m[38;5;21;01moptim[39;00m [38;5;28;01mas[39;00m [38;5;21;01moptim[39;00m
[1;32m----> 4[0m [38;5;28;01mfrom[39;00m [38;5;21;01mtorchvision[39;00m [38;5;28;01mimport[39;00m datasets, transforms 
[0;32m      5[0m [38;5;66;03m#transforms: Converts images to PyTorch tensors.[39;00m
[0;32m      6[0m [38;5;28;01mfrom[39;00m [38;5;21;01mtorch[39;00m[38;5;21;01m.[39;00m[38;5;21;01mutils[39;00m[38;5;21;01m.[39;00m[38;5;21;01mdata[39;00m [38;5;28;01mimport[39;00m DataLoader

[1;31mModuleNotFoundError[0m: No module named 'torchvision'

