Traceback (most recent call last):
  File "C:\Users\sashk\AppData\Local\Programs\Python\Python313\Lib\site-packages\jupyter_cache\executors\utils.py", line 58, in single_nb_execution
    executenb(
    ~~~~~~~~~^
        nb,
        ^^^
    ...<4 lines>...
        **kwargs,
        ^^^^^^^^^
    )
    ^
  File "C:\Users\sashk\AppData\Local\Programs\Python\Python313\Lib\site-packages\nbclient\client.py", line 1319, in execute
    return NotebookClient(nb=nb, resources=resources, km=km, **kwargs).execute()
           ~~~~~~~~~~~~~~~~~~~~~~~~~~~~~~~~~~~~~~~~~~~~~~~~~~~~~~~~~~~~~~~~~~~^^
  File "C:\Users\sashk\AppData\Local\Programs\Python\Python313\Lib\site-packages\jupyter_core\utils\__init__.py", line 165, in wrapped
    return loop.run_until_complete(inner)
           ~~~~~~~~~~~~~~~~~~~~~~~^^^^^^^
  File "C:\Users\sashk\AppData\Local\Programs\Python\Python313\Lib\asyncio\base_events.py", line 725, in run_until_complete
    return future.result()
           ~~~~~~~~~~~~~^^
  File "C:\Users\sashk\AppData\Local\Programs\Python\Python313\Lib\site-packages\nbclient\client.py", line 709, in async_execute
    await self.async_execute_cell(
        cell, index, execution_count=self.code_cells_executed + 1
    )
  File "C:\Users\sashk\AppData\Local\Programs\Python\Python313\Lib\site-packages\nbclient\client.py", line 1062, in async_execute_cell
    await self._check_raise_for_error(cell, cell_index, exec_reply)
  File "C:\Users\sashk\AppData\Local\Programs\Python\Python313\Lib\site-packages\nbclient\client.py", line 918, in _check_raise_for_error
    raise CellExecutionError.from_cell_and_msg(cell, exec_reply_content)
nbclient.exceptions.CellExecutionError: An error occurred while executing the following cell:
------------------
## 🔧 Implementation with PyTorch Geometric

import torch
import torch.nn.functional as F
from torch_geometric.nn import SAGEConv
from torch_geometric.datasets import Planetoid
from torch_geometric.utils import negative_sampling

# Load Cora dataset
dataset = Planetoid(root='/tmp/Cora', name='Cora')
data = dataset[0]

# Define GraphSAGE encoder
class GraphSAGE(torch.nn.Module):
    def __init__(self, in_channels, hidden_channels, out_channels):
        super().__init__()
        self.conv1 = SAGEConv(in_channels, hidden_channels)
        self.conv2 = SAGEConv(hidden_channels, out_channels)

    def forward(self, x, edge_index):
        x = self.conv1(x, edge_index).relu()
        x = self.conv2(x, edge_index)
        return x

# Contrastive loss: similar to DeepWalk or node2vec
def unsupervised_loss(z, edge_index):
    pos_edge_index = edge_index
    neg_edge_index = negative_sampling(edge_index, num_nodes=z.size(0))

    pos_score = (z[pos_edge_index[0]] * z[pos_edge_index[1]]).sum(dim=1)
    neg_score = (z[neg_edge_index[0]] * z[neg_edge_index[1]]).sum(dim=1)

    loss = -F.logsigmoid(pos_score).mean() - F.logsigmoid(-neg_score).mean()
    return loss

# Training
device = torch.device('cuda' if torch.cuda.is_available() else 'cpu')
model = GraphSAGE(dataset.num_features, 128, 64).to(device)
data = data.to(device)
optimizer = torch.optim.Adam(model.parameters(), lr=0.01)

model.train()
for epoch in range(1, 201):
    optimizer.zero_grad()
    z = model(data.x, data.edge_index)
    loss = unsupervised_loss(z, data.edge_index)
    loss.backward()
    optimizer.step()
    if epoch % 20 == 0:
        print(f'Epoch {epoch}, Loss: {loss.item():.4f}')
------------------


[1;31m---------------------------------------------------------------------------[0m
[1;31mModuleNotFoundError[0m                       Traceback (most recent call last)
Cell [1;32mIn[2], line 5[0m
[0;32m      3[0m [38;5;28;01mimport[39;00m [38;5;21;01mtorch[39;00m
[0;32m      4[0m [38;5;28;01mimport[39;00m [38;5;21;01mtorch[39;00m[38;5;21;01m.[39;00m[38;5;21;01mnn[39;00m[38;5;21;01m.[39;00m[38;5;21;01mfunctional[39;00m [38;5;28;01mas[39;00m [38;5;21;01mF[39;00m
[1;32m----> 5[0m [38;5;28;01mfrom[39;00m [38;5;21;01mtorch_geometric[39;00m[38;5;21;01m.[39;00m[38;5;21;01mnn[39;00m [38;5;28;01mimport[39;00m SAGEConv
[0;32m      6[0m [38;5;28;01mfrom[39;00m [38;5;21;01mtorch_geometric[39;00m[38;5;21;01m.[39;00m[38;5;21;01mdatasets[39;00m [38;5;28;01mimport[39;00m Planetoid
[0;32m      7[0m [38;5;28;01mfrom[39;00m [38;5;21;01mtorch_geometric[39;00m[38;5;21;01m.[39;00m[38;5;21;01mutils[39;00m [38;5;28;01mimport[39;00m negative_sampling

[1;31mModuleNotFoundError[0m: No module named 'torch_geometric'

