Traceback (most recent call last):
  File "C:\Users\sashk\AppData\Local\Programs\Python\Python313\Lib\site-packages\jupyter_cache\executors\utils.py", line 58, in single_nb_execution
    executenb(
    ~~~~~~~~~^
        nb,
        ^^^
    ...<4 lines>...
        **kwargs,
        ^^^^^^^^^
    )
    ^
  File "C:\Users\sashk\AppData\Local\Programs\Python\Python313\Lib\site-packages\nbclient\client.py", line 1319, in execute
    return NotebookClient(nb=nb, resources=resources, km=km, **kwargs).execute()
           ~~~~~~~~~~~~~~~~~~~~~~~~~~~~~~~~~~~~~~~~~~~~~~~~~~~~~~~~~~~~~~~~~~~^^
  File "C:\Users\sashk\AppData\Local\Programs\Python\Python313\Lib\site-packages\jupyter_core\utils\__init__.py", line 165, in wrapped
    return loop.run_until_complete(inner)
           ~~~~~~~~~~~~~~~~~~~~~~~^^^^^^^
  File "C:\Users\sashk\AppData\Local\Programs\Python\Python313\Lib\asyncio\base_events.py", line 725, in run_until_complete
    return future.result()
           ~~~~~~~~~~~~~^^
  File "C:\Users\sashk\AppData\Local\Programs\Python\Python313\Lib\site-packages\nbclient\client.py", line 709, in async_execute
    await self.async_execute_cell(
        cell, index, execution_count=self.code_cells_executed + 1
    )
  File "C:\Users\sashk\AppData\Local\Programs\Python\Python313\Lib\site-packages\nbclient\client.py", line 1062, in async_execute_cell
    await self._check_raise_for_error(cell, cell_index, exec_reply)
  File "C:\Users\sashk\AppData\Local\Programs\Python\Python313\Lib\site-packages\nbclient\client.py", line 918, in _check_raise_for_error
    raise CellExecutionError.from_cell_and_msg(cell, exec_reply_content)
nbclient.exceptions.CellExecutionError: An error occurred while executing the following cell:
------------------
import torch
import torch.nn as nn
import torch.nn.functional as F
from torch_geometric.datasets import Planetoid
from torch_geometric.transforms import NormalizeFeatures
from torch_geometric.nn import GCNConv
from torch_geometric.utils import to_scipy_sparse_matrix
import matplotlib.pyplot as plt
import numpy as np
from sklearn.manifold import TSNE

# === 1. Load and Prepare the Cora Dataset ===
dataset = Planetoid(root='data/Planetoid', name='Cora', transform=NormalizeFeatures())
data = dataset[0]

# Use GPU if available
device = torch.device('cuda' if torch.cuda.is_available() else 'cpu')
data = data.to(device)

# Convert edge_index to a dense adjacency matrix (torch tensor)
adj = to_scipy_sparse_matrix(data.edge_index, num_nodes=data.num_nodes)
adj = torch.FloatTensor(adj.todense()).to(device)

# === 2. Define GCN Encoder ===
class GCNEncoder(nn.Module):
    def __init__(self, in_channels, hidden_channels, out_channels):
        super().__init__()
        self.conv1 = GCNConv(in_channels, hidden_channels)
        self.conv2 = GCNConv(hidden_channels, out_channels)

    def forward(self, x, edge_index):
        x = F.relu(self.conv1(x, edge_index))
        return self.conv2(x, edge_index)

# Instantiate model and optimizer
model = GCNEncoder(in_channels=dataset.num_features, hidden_channels=128, out_channels=64).to(device)
optimizer = torch.optim.Adam(model.parameters(), lr=0.01, weight_decay=5e-4)

# === 3. Define Weighted Reconstruction Loss ===
def reconstruction_loss(z, adj):
    """
    Reconstructs the adjacency matrix from embeddings z using dot-product,
    and computes weighted binary cross-entropy loss to handle sparsity.
    """
    recon_adj = torch.sigmoid(torch.matmul(z, z.t()))  # [N, N] similarity matrix
    adj_binary = (adj > 0).float()  # binarize original adjacency
    
    # Compute class weight to address imbalance
    pos_weight = (adj_binary.numel() - adj_binary.sum()) / adj_binary.sum()
    weight_matrix = adj_binary * (pos_weight - 1) + 1
    
    loss = F.binary_cross_entropy(recon_adj, adj_binary, weight=weight_matrix)
    return loss

# === 4. Training Loop ===
def train():
    model.train()
    optimizer.zero_grad()
    z = model(data.x, data.edge_index)
    loss = reconstruction_loss(z, adj)
    loss.backward()
    optimizer.step()
    return loss.item(), z

losses = []
for epoch in range(1, 201):
    loss, embeddings = train()
    losses.append(loss)
    if epoch % 20 == 0:
        print(f"Epoch {epoch}, Loss: {loss:.4f}")

# Convert embeddings to numpy
embeddings = embeddings.detach().cpu().numpy()

# === 5. Visualization ===

# 5.1 Plot training loss curve
plt.figure(figsize=(6, 4))
plt.plot(losses)
plt.xlabel("Epoch")
plt.ylabel("Reconstruction Loss")
plt.title("Training Loss Curve")
plt.grid(True)
plt.tight_layout()
plt.show()

# 5.2 Plot original and reconstructed adjacency matrices (binary images)

# Get reconstruction
with torch.no_grad():
    z = model(data.x, data.edge_index)
    recon_adj = torch.sigmoid(torch.matmul(z, z.t())).cpu().numpy()
    recon_adj_binary = (recon_adj > 0.5).astype(np.float32)

# Binarize the original adjacency
adj_binary = (adj.cpu().numpy() > 0).astype(np.float32)

# Show adjacency matrices
plt.figure(figsize=(10, 4))

plt.subplot(1, 2, 1)
plt.imshow(adj_binary, cmap="gray", interpolation="none")
plt.title("Original Adjacency (B/W)")
plt.axis("off")

plt.subplot(1, 2, 2)
plt.imshow(recon_adj_binary, cmap="gray", interpolation="none")
plt.title("Reconstructed Adjacency (B/W)")
plt.axis("off")

plt.tight_layout()
plt.show()

# 5.3 Plot histogram of reconstructed values
plt.figure(figsize=(6, 4))
plt.hist(recon_adj.ravel(), bins=100)
plt.title("Distribution of Reconstructed Adjacency Values")
plt.xlabel("Reconstructed Value")
plt.ylabel("Frequency")
plt.grid(True)
plt.tight_layout()
plt.show()

# 5.4 t-SNE visualization of learned embeddings
from matplotlib.colors import ListedColormap
cmap = ListedColormap(plt.get_cmap('tab10').colors[:7])

tsne = TSNE(n_components=2, init='pca', random_state=42)
z_2d = tsne.fit_transform(embeddings)

plt.figure(figsize=(6, 5))
scatter = plt.scatter(z_2d[:, 0], z_2d[:, 1], c=data.y.cpu().numpy(), cmap=cmap, s=15)
plt.colorbar(scatter, ticks=range(7), label='Node Class')
plt.title("2D Embedding Visualization (t-SNE)")
plt.tight_layout()
plt.show()

# Print final embedding shape
print("Learned embeddings shape:", embeddings.shape)

------------------


[1;31m---------------------------------------------------------------------------[0m
[1;31mModuleNotFoundError[0m                       Traceback (most recent call last)
Cell [1;32mIn[1], line 4[0m
[0;32m      2[0m [38;5;28;01mimport[39;00m [38;5;21;01mtorch[39;00m[38;5;21;01m.[39;00m[38;5;21;01mnn[39;00m [38;5;28;01mas[39;00m [38;5;21;01mnn[39;00m
[0;32m      3[0m [38;5;28;01mimport[39;00m [38;5;21;01mtorch[39;00m[38;5;21;01m.[39;00m[38;5;21;01mnn[39;00m[38;5;21;01m.[39;00m[38;5;21;01mfunctional[39;00m [38;5;28;01mas[39;00m [38;5;21;01mF[39;00m
[1;32m----> 4[0m [38;5;28;01mfrom[39;00m [38;5;21;01mtorch_geometric[39;00m[38;5;21;01m.[39;00m[38;5;21;01mdatasets[39;00m [38;5;28;01mimport[39;00m Planetoid
[0;32m      5[0m [38;5;28;01mfrom[39;00m [38;5;21;01mtorch_geometric[39;00m[38;5;21;01m.[39;00m[38;5;21;01mtransforms[39;00m [38;5;28;01mimport[39;00m NormalizeFeatures
[0;32m      6[0m [38;5;28;01mfrom[39;00m [38;5;21;01mtorch_geometric[39;00m[38;5;21;01m.[39;00m[38;5;21;01mnn[39;00m [38;5;28;01mimport[39;00m GCNConv

[1;31mModuleNotFoundError[0m: No module named 'torch_geometric'

